			at org.jetbrains.kotlin.com.intellij.util.io.PagedFileStorage.<init>(PagedFileStorage.java:72)
			at org.jetbrains.kotlin.com.intellij.util.io.ResizeableMappedFile.<init>(ResizeableMappedFile.java:68)
			at org.jetbrains.kotlin.com.intellij.util.io.PersistentBTreeEnumerator.<init>(PersistentBTreeEnumerator.java:128)
			at org.jetbrains.kotlin.com.intellij.util.io.PersistentEnumerator.createDefaultEnumerator(PersistentEnumerator.java:52)
			at org.jetbrains.kotlin.com.intellij.util.io.PersistentMapImpl.<init>(PersistentMapImpl.java:165)
			at org.jetbrains.kotlin.com.intellij.util.io.PersistentMapImpl.<init>(PersistentMapImpl.java:140)
			at org.jetbrains.kotlin.com.intellij.util.io.PersistentMapBuilder.buildImplementation(PersistentMapBuilder.java:88)
			at org.jetbrains.kotlin.com.intellij.util.io.PersistentMapBuilder.build(PersistentMapBuilder.java:71)
			at org.jetbrains.kotlin.com.intellij.util.io.PersistentHashMap.<init>(PersistentHashMap.java:46)
			at org.jetbrains.kotlin.com.intellij.util.io.PersistentHashMap.<init>(PersistentHashMap.java:72)
			at org.jetbrains.kotlin.incremental.storage.LazyStorage.createMap(LazyStorage.kt:62)
			at org.jetbrains.kotlin.incremental.storage.LazyStorage.getStorageOrCreateNew(LazyStorage.kt:59)
			at org.jetbrains.kotlin.incremental.storage.LazyStorage.set(LazyStorage.kt:80)
			at org.jetbrains.kotlin.incremental.storage.InMemoryStorage.applyChanges(InMemoryStorage.kt:108)
			at org.jetbrains.kotlin.incremental.storage.InMemoryStorage.close(InMemoryStorage.kt:136)
			at org.jetbrains.kotlin.incremental.storage.PersistentStorageWrapper.close(PersistentStorage.kt:124)
			at org.jetbrains.kotlin.incremental.storage.BasicMapsOwner$close$1.invoke(BasicMapsOwner.kt:53)
			at org.jetbrains.kotlin.incremental.storage.BasicMapsOwner$close$1.invoke(BasicMapsOwner.kt:53)
			at org.jetbrains.kotlin.incremental.storage.BasicMapsOwner.forEachMapSafe(BasicMapsOwner.kt:87)
			... 25 more
			Suppressed: java.lang.Exception: Storage[D:\PROYECTOS-FLUTTER\Celestya\build\workmanager_android\kotlin\compileReleaseKotlin\cacheable\caches-jvm\lookups\id-to-file.tab] registration stack trace
				at org.jetbrains.kotlin.com.intellij.util.io.FilePageCache.registerPagedFileStorage(FilePageCache.java:437)
				... 44 more
		Suppressed: java.lang.IllegalStateException: Storage for [D:\PROYECTOS-FLUTTER\Celestya\build\workmanager_android\kotlin\compileReleaseKotlin\cacheable\caches-jvm\lookups\file-to-id.tab] is already registered
			at org.jetbrains.kotlin.com.intellij.util.io.FilePageCache.registerPagedFileStorage(FilePageCache.java:410)
			at org.jetbrains.kotlin.com.intellij.util.io.PagedFileStorage.<init>(PagedFileStorage.java:72)
			at org.jetbrains.kotlin.com.intellij.util.io.ResizeableMappedFile.<init>(ResizeableMappedFile.java:68)
			at org.jetbrains.kotlin.com.intellij.util.io.PersistentBTreeEnumerator.<init>(PersistentBTreeEnumerator.java:128)
			at org.jetbrains.kotlin.com.intellij.util.io.PersistentEnumerator.createDefaultEnumerator(PersistentEnumerator.java:52)
			at org.jetbrains.kotlin.com.intellij.util.io.PersistentMapImpl.<init>(PersistentMapImpl.java:165)
			at org.jetbrains.kotlin.com.intellij.util.io.PersistentMapImpl.<init>(PersistentMapImpl.java:140)
			at org.jetbrains.kotlin.com.intellij.util.io.PersistentMapBuilder.buildImplementation(PersistentMapBuilder.java:88)
			at org.jetbrains.kotlin.com.intellij.util.io.PersistentMapBuilder.build(PersistentMapBuilder.java:71)
			at org.jetbrains.kotlin.com.intellij.util.io.PersistentHashMap.<init>(PersistentHashMap.java:46)
			at org.jetbrains.kotlin.com.intellij.util.io.PersistentHashMap.<init>(PersistentHashMap.java:72)
			at org.jetbrains.kotlin.incremental.storage.LazyStorage.createMap(LazyStorage.kt:62)
			at org.jetbrains.kotlin.incremental.storage.LazyStorage.getStorageOrCreateNew(LazyStorage.kt:59)
			at org.jetbrains.kotlin.incremental.storage.LazyStorage.set(LazyStorage.kt:80)
			at org.jetbrains.kotlin.incremental.storage.InMemoryStorage.applyChanges(InMemoryStorage.kt:108)
			at org.jetbrains.kotlin.incremental.storage.InMemoryStorage.close(InMemoryStorage.kt:136)
			at org.jetbrains.kotlin.incremental.storage.PersistentStorageWrapper.close(PersistentStorage.kt:124)
			at org.jetbrains.kotlin.incremental.storage.BasicMapsOwner$close$1.invoke(BasicMapsOwner.kt:53)
			at org.jetbrains.kotlin.incremental.storage.BasicMapsOwner$close$1.invoke(BasicMapsOwner.kt:53)
			at org.jetbrains.kotlin.incremental.storage.BasicMapsOwner.forEachMapSafe(BasicMapsOwner.kt:87)
			... 25 more
			Suppressed: java.lang.Exception: Storage[D:\PROYECTOS-FLUTTER\Celestya\build\workmanager_android\kotlin\compileReleaseKotlin\cacheable\caches-jvm\lookups\file-to-id.tab] registration stack trace
				at org.jetbrains.kotlin.com.intellij.util.io.FilePageCache.registerPagedFileStorage(FilePageCache.java:437)
				... 44 more
	Suppressed: java.lang.Exception: Could not close incremental caches in D:\PROYECTOS-FLUTTER\Celestya\build\workmanager_android\kotlin\compileReleaseKotlin\cacheable\caches-jvm\inputs: source-to-output.tab
		... 25 more
		Suppressed: java.lang.IllegalStateException: Storage for [D:\PROYECTOS-FLUTTER\Celestya\build\workmanager_android\kotlin\compileReleaseKotlin\cacheable\caches-jvm\inputs\source-to-output.tab] is already registered
			at org.jetbrains.kotlin.com.intellij.util.io.FilePageCache.registerPagedFileStorage(FilePageCache.java:410)
			at org.jetbrains.kotlin.com.intellij.util.io.PagedFileStorage.<init>(PagedFileStorage.java:72)
			at org.jetbrains.kotlin.com.intellij.util.io.ResizeableMappedFile.<init>(ResizeableMappedFile.java:68)
			at org.jetbrains.kotlin.com.intellij.util.io.PersistentBTreeEnumerator.<init>(PersistentBTreeEnumerator.java:128)
			at org.jetbrains.kotlin.com.intellij.util.io.PersistentEnumerator.createDefaultEnumerator(PersistentEnumerator.java:52)
			at org.jetbrains.kotlin.com.intellij.util.io.PersistentMapImpl.<init>(PersistentMapImpl.java:165)
			at org.jetbrains.kotlin.com.intellij.util.io.PersistentMapImpl.<init>(PersistentMapImpl.java:140)
			at org.jetbrains.kotlin.com.intellij.util.io.PersistentMapBuilder.buildImplementation(PersistentMapBuilder.java:88)
			at org.jetbrains.kotlin.com.intellij.util.io.PersistentMapBuilder.build(PersistentMapBuilder.java:71)
			at org.jetbrains.kotlin.com.intellij.util.io.PersistentHashMap.<init>(PersistentHashMap.java:46)
			at org.jetbrains.kotlin.com.intellij.util.io.PersistentHashMap.<init>(PersistentHashMap.java:72)
			at org.jetbrains.kotlin.incremental.storage.LazyStorage.createMap(LazyStorage.kt:62)
			at org.jetbrains.kotlin.incremental.storage.LazyStorage.getStorageOrCreateNew(LazyStorage.kt:59)
			at org.jetbrains.kotlin.incremental.storage.LazyStorage.set(LazyStorage.kt:80)
			at org.jetbrains.kotlin.incremental.storage.InMemoryStorage.applyChanges(InMemoryStorage.kt:108)
			at org.jetbrains.kotlin.incremental.storage.AppendableInMemoryStorage.applyChanges(InMemoryStorage.kt:179)
			at org.jetbrains.kotlin.incremental.storage.InMemoryStorage.close(InMemoryStorage.kt:136)
			at org.jetbrains.kotlin.incremental.storage.AppendableSetBasicMap.close(BasicMap.kt:157)
			at org.jetbrains.kotlin.incremental.storage.BasicMapsOwner$close$1.invoke(BasicMapsOwner.kt:53)
			at org.jetbrains.kotlin.incremental.storage.BasicMapsOwner$close$1.invoke(BasicMapsOwner.kt:53)
			at org.jetbrains.kotlin.incremental.storage.BasicMapsOwner.forEachMapSafe(BasicMapsOwner.kt:87)
			... 24 more
			Suppressed: java.lang.Exception: Storage[D:\PROYECTOS-FLUTTER\Celestya\build\workmanager_android\kotlin\compileReleaseKotlin\cacheable\caches-jvm\inputs\source-to-output.tab] registration stack trace
				at org.jetbrains.kotlin.com.intellij.util.io.FilePageCache.registerPagedFileStorage(FilePageCache.java:437)
				... 44 more

exception: c:\Users\migue\AppData\Local\Pub\Cache\hosted\pub.dev\speech_to_text-7.3.0\android\src\main\kotlin\com\csdcorp\speech_to_text\SpeechToTextPlugin.kt:544:45: warning: 'static fun getDefaultAdapter(): BluetoothAdapter!' is deprecated. Deprecated in Java.
exception:         bluetoothAdapter = BluetoothAdapter.getDefaultAdapter()
exception:                                             ^^^^^^^^^^^^^^^^^
exception: c:\Users\migue\AppData\Local\Pub\Cache\hosted\pub.dev\audioplayers_android-5.2.1\android\src\main\kotlin\xyz\luan\audioplayers\AudioplayersPlugin.kt:72:30: warning: 'var isSpeakerphoneOn: Boolean' is deprecated. Deprecated in Java.
exception:                 audioManager.isSpeakerphoneOn = defaultAudioContext.isSpeakerphoneOn
exception:                              ^^^^^^^^^^^^^^^^
exception: c:\Users\migue\AppData\Local\Pub\Cache\hosted\pub.dev\audioplayers_android-5.2.1\android\src\main\kotlin\xyz\luan\audioplayers\player\WrappedPlayer.kt:172:22: warning: 'var isSpeakerphoneOn: Boolean' is deprecated. Deprecated in Java.
exception:         audioManager.isSpeakerphoneOn = context.isSpeakerphoneOn
exception:                      ^^^^^^^^^^^^^^^^
exception: c:\Users\migue\AppData\Local\Pub\Cache\hosted\pub.dev\record_android-1.4.5\android\src\main\kotlin\com\llfbandit\record\record\format\Format.kt:121:21: warning: only safe (?.) or non-null asserted (!!.) calls are allowed on a nullable receiver of type 'MediaCodecInfo.AudioCapabilities?'.
exception:         checkBounds(caps.audioCapabilities.bitrateRange, config.bitRate)
exception:                     ^^^^^^^^^^^^^^^^^^^^^^
exception: c:\Users\migue\AppData\Local\Pub\Cache\hosted\pub.dev\record_android-1.4.5\android\src\main\kotlin\com\llfbandit\record\record\format\Format.kt:123:11: warning: only safe (?.) or non-null asserted (!!.) calls are allowed on a nullable receiver of type 'MediaCodecInfo.AudioCapabilities?'.
exception:       if (caps.audioCapabilities.supportedSampleRates != null) {
exception:           ^^^^^^^^^^^^^^^^^^^^^^
exception: c:\Users\migue\AppData\Local\Pub\Cache\hosted\pub.dev\record_android-1.4.5\android\src\main\kotlin\com\llfbandit\record\record\format\Format.kt:127:13: warning: only safe (?.) or non-null asserted (!!.) calls are allowed on a nullable receiver of type 'MediaCodecInfo.AudioCapabilities?'.
exception:             caps.audioCapabilities.supportedSampleRates,
exception:             ^^^^^^^^^^^^^^^^^^^^^^
exception: c:\Users\migue\AppData\Local\Pub\Cache\hosted\pub.dev\record_android-1.4.5\android\src\main\kotlin\com\llfbandit\record\record\format\Format.kt:135:25: warning: only safe (?.) or non-null asserted (!!.) calls are allowed on a nullable receiver of type 'MediaCodecInfo.AudioCapabilities?'.
exception:           intArrayOf(1, caps.audioCapabilities.maxInputChannelCount),
exception:                         ^^^^^^^^^^^^^^^^^^^^^^
Running Gradle task 'bundleRelease'...                            215.0s
ΓêÜ Built build\app\outputs\bundle\release\app-release.aab (55.5MB)
